fx-real-rows;sum(memcached_current_bytes{kubernetes_pod_name=~"$pod",kubernetes_namespace=~"$namespace"}) / sum(memcached_limit_bytes{kubernetes_pod_name=~"$pod",kubernetes_namespace=~"$namespace"})
fx-real-rows;sum (irate (memcached_commands_total{status="hit",command="get",kubernetes_pod_name=~"$pod",kubernetes_namespace=~"$namespace"}[5m])) / sum (irate (memcached_commands_total{command="get",kubernetes_pod_name=~"$pod",kubernetes_namespace=~"$namespace"}[5m] ))
fx-real-rows;sum (irate (memcached_items_evicted_total{kubernetes_pod_name=~"$pod",kubernetes_namespace=~"$namespace"}[5m]))
fx-real-rows;sum (irate (memcached_items_reclaimed_total{kubernetes_pod_name=~"$pod",kubernetes_namespace=~"$namespace"}[5m]))
fx-real-rows;sum (memcached_current_bytes{kubernetes_pod_name=~"$pod", kubernetes_namespace=~"$namespace"})
fx-real-rows;sum (memcached_limit_bytes{kubernetes_pod_name=~"$pod", kubernetes_namespace=~"$namespace"})
fx-real-rows;sum (memcached_commands_total{status="hit",command="get",kubernetes_pod_name=~"$pod",kubernetes_namespace=~"$namespace"}) / sum (memcached_commands_total{command="get",kubernetes_pod_name=~"$pod",kubernetes_namespace=~"$namespace"})
fx-real-rows;sum (memcached_commands_total{status="miss",command="get",kubernetes_pod_name=~"$pod",kubernetes_namespace=~"$namespace"}) / sum (memcached_commands_total{command="get",kubernetes_pod_name=~"$pod",kubernetes_namespace=~"$namespace"})
fx-real-rows;sum (memcached_items_evicted_total{kubernetes_pod_name=~"$pod", kubernetes_namespace=~"$namespace"})
fx-real-rows;sum (memcached_items_reclaimed_total{kubernetes_pod_name=~"$pod", kubernetes_namespace=~"$namespace"})
fx-real-rows;sum (memcached_current_items{kubernetes_pod_name=~"$pod",kubernetes_namespace=~"$namespace"})
fx-real-rows;sum (irate (memcached_read_bytes_total{kubernetes_pod_name=~"$pod",kubernetes_namespace=~"$namespace"}[5m]))
fx-real-rows;sum (irate (memcached_written_bytes_total{kubernetes_pod_name=~"$pod",kubernetes_namespace=~"$namespace"}[5m]))
fx-real-rows;sum (memcached_current_connections{kubernetes_pod_name=~"$pod",kubernetes_namespace=~"$namespace"})
fx-real-rows;sum (memcached_commands_total{command="get",kubernetes_pod_name=~"$pod",kubernetes_namespace=~"$namespace"}) / (sum (memcached_commands_total{command="get",kubernetes_pod_name=~"$pod",kubernetes_namespace=~"$namespace"}) + sum (memcached_commands_total{command="set",kubernetes_pod_name=~"$pod",kubernetes_namespace=~"$namespace"}))
fx-real-rows;sum (memcached_commands_total{command="set",kubernetes_pod_name=~"$pod",kubernetes_namespace=~"$namespace"}) / (sum (memcached_commands_total{command="get",kubernetes_pod_name=~"$pod",kubernetes_namespace=~"$namespace"}) + sum (memcached_commands_total{command="set",kubernetes_pod_name=~"$pod",kubernetes_namespace=~"$namespace"}))
fx-real-rows;sum (irate (memcached_commands_total{kubernetes_pod_name=~"$pod",kubernetes_namespace=~"$namespace"}[5m])) by (command)
